============================================================
Total IDs     : 19417
Done IDs      : 83
Remaining IDs : 19334
Base domain   : www.glamira.com
Fallbacks     : 16
Concurrency   : 10
============================================================
[404] 100187 -> www.glamira.com
[404] 108643 -> www.glamira.com
[404] 80356 -> www.glamira.com
[404] 102230 -> www.glamira.com
[404] 106963 -> www.glamira.com
[404] 102127 -> www.glamira.com
[OK] 103561 -> www.glamira.com
[404] 99139 -> www.glamira.com
[404] 91736 -> www.glamira.com
[OK] 90883 -> www.glamira.com
[404] 100187 -> www.glamira.co.uk
[404] 108643 -> www.glamira.co.uk
[404] 80356 -> www.glamira.co.uk
[404] 99139 -> www.glamira.co.uk
[404] 102230 -> www.glamira.co.uk
[404] 106963 -> www.glamira.co.uk
[404] 102127 -> www.glamira.co.uk
[404] 91736 -> www.glamira.co.uk
[OK] 96029 -> www.glamira.com
[OK] 99923 -> www.glamira.com
[404] 100187 -> www.glamira.com.au
[404] 108643 -> www.glamira.com.au
[404] 99139 -> www.glamira.com.au
[404] 102230 -> www.glamira.com.au
[404] 102127 -> www.glamira.com.au
[404] 106963 -> www.glamira.com.au
[404] 91736 -> www.glamira.com.au
[404] 80356 -> www.glamira.com.au
[404] 100187 -> www.glamira.ca
[404] 108643 -> www.glamira.ca
[404] 102127 -> www.glamira.ca
[404] 91736 -> www.glamira.ca
[404] 99139 -> www.glamira.ca
[OK] 92696 -> www.glamira.com
[404] 102230 -> www.glamira.ca
[404] 106963 -> www.glamira.ca
[OK] 110475 -> www.glamira.com
[404] 80356 -> www.glamira.ca
[404] 100187 -> www.glamira.ie
[404] 102127 -> www.glamira.ie
[404] 99139 -> www.glamira.ie
[404] 102230 -> www.glamira.ie
[404] 108643 -> www.glamira.ie
[404] 91736 -> www.glamira.ie
[404] 106963 -> www.glamira.ie
[404] 80356 -> www.glamira.ie
[404] 91736 -> www.glamira.co.nz
[404] 102127 -> www.glamira.co.nz
[404] 100187 -> www.glamira.co.nz
[404] 108643 -> www.glamira.co.nz
[404] 99139 -> www.glamira.co.nz
[OK] 96874 -> www.glamira.com
[404] 91736 -> www.glamira.sg
[404] 102127 -> www.glamira.sg
[404] 99139 -> www.glamira.sg
[OK] 90771 -> www.glamira.com
[404] 102230 -> www.glamira.co.nz
[404] 100187 -> www.glamira.sg
[404] 108643 -> www.glamira.sg
[404] 106963 -> www.glamira.co.nz
[404] 80356 -> www.glamira.co.nz
[404] 99139 -> www.glamira.hk
[404] 102127 -> www.glamira.hk
[404] 100187 -> www.glamira.hk
[404] 91736 -> www.glamira.hk
[404] 108643 -> www.glamira.hk
[404] 102230 -> www.glamira.sg
[404] 80356 -> www.glamira.sg
[404] 106963 -> www.glamira.sg
[404] 102127 -> www.glamira.in
[404] 99139 -> www.glamira.in
[404] 108643 -> www.glamira.in
[404] 91736 -> www.glamira.in
[404] 100187 -> www.glamira.in
[OK] 98556 -> www.glamira.com
[OK] 95976 -> www.glamira.com
[404] 102230 -> www.glamira.hk
[404] 102127 -> www.glamira.com.ph
[404] 91736 -> www.glamira.com.ph
[404] 99139 -> www.glamira.com.ph
[404] 100187 -> www.glamira.com.ph
[404] 108643 -> www.glamira.com.ph
[404] 80356 -> www.glamira.hk
[404] 106963 -> www.glamira.hk
[404] 91736 -> www.glamira.com.my
[404] 99139 -> www.glamira.com.my
[404] 108643 -> www.glamira.com.my
[404] 102127 -> www.glamira.com.my
[404] 100187 -> www.glamira.com.my
[404] 102230 -> www.glamira.in
[404] 80356 -> www.glamira.in
[404] 106963 -> www.glamira.in
[OK] 110786 -> www.glamira.com
[404] 91736 -> www.glamira.ae
[OK] 104415 -> www.glamira.com
[404] 80356 -> www.glamira.com.ph
[404] 99139 -> www.glamira.ae
[404] 108643 -> www.glamira.ae
[404] 102127 -> www.glamira.ae
[404] 100187 -> www.glamira.ae
[404] 91736 -> www.glamira.co.za
[404] 106963 -> www.glamira.com.ph
[404] 100187 -> www.glamira.co.za
[404] 99139 -> www.glamira.co.za
[404] 88753 -> www.glamira.com
[404] 108643 -> www.glamira.co.za
[404] 102127 -> www.glamira.co.za
[OK] 102230 -> www.glamira.com.ph
[404] 91736 -> www.glamira.co.id
[404] 99139 -> www.glamira.co.id
[404] 108643 -> www.glamira.co.id
[404] 80356 -> www.glamira.com.my
[404] 88753 -> www.glamira.co.uk
[404] 106963 -> www.glamira.com.my
[404] 99139 -> www.glamira.co.th
[404] 102127 -> www.glamira.co.id
[404] 91736 -> www.glamira.co.th
[404] 108643 -> www.glamira.co.th
[404] 100187 -> www.glamira.co.id
[404] 106963 -> www.glamira.ae
[404] 102127 -> www.glamira.co.th
[404] 100187 -> www.glamira.co.th
[404] 80356 -> www.glamira.ae
[OK] 99074 -> www.glamira.com
[404] 108643 -> www.glamira.com.kw
[404] 88753 -> www.glamira.com.au
[404] 100187 -> www.glamira.com.kw
[404] 91736 -> www.glamira.com.kw
[404] 106963 -> www.glamira.co.za
[404] 102127 -> www.glamira.com.kw
[404] 80356 -> www.glamira.co.za
[OK] 106707 -> www.glamira.com
[404] 100187 -> www.glamira.africa
[FAILED ALL DOMAINS] 100187
[404] 102127 -> www.glamira.africa
[FAILED ALL DOMAINS] 102127
[404] 99139 -> www.glamira.com.kw
[404] 88753 -> www.glamira.ca
[404] 80356 -> www.glamira.co.id
[404] 108643 -> www.glamira.africa
[FAILED ALL DOMAINS] 108643
[404] 91736 -> www.glamira.africa
[FAILED ALL DOMAINS] 91736
[404] 99139 -> www.glamira.africa
[FAILED ALL DOMAINS] 99139
[404] 106963 -> www.glamira.co.id
[404] 80356 -> www.glamira.co.th
[404] 88753 -> www.glamira.ie
[OK] 84783 -> www.glamira.com
[404] 106963 -> www.glamira.co.th
